Welcome to ComputorV2!
Type 'help' for a list of commands.
> > 2.0
> 4.242
> -4.3
> > > 3.0 + 2.0i
> -4.0 - 4.0i
> > > [
 [2.0, 3.0]
 [4.0, 3.0]
]
> [3.0, 4.0]
> > > Created function: funA(x) = 2*x^5+4*x^2-5*x+4
2*x^5+4*x^2-5*x+4
> Created function: funB(y) = 43*y/(4%2*y)
43*y/(4%2*y)
> Created function: funC(z) = -2*z-5
-2*z-5
> > > 2.0
> 2.0
> 7.0
> -4.0 + 2.0i
> > > 27.0
> 53.0
> > > Created function: funA(x) = varA+4*varB+x-1/2
varA+4*varB+x-1/2
> > > 1.0
> 239.5
> > > 12.0
> 14.0
> > > Created function: funA(x) = x+8
x+8
> Created function: funB(x) = (x+2)^2-5
(x+2)^2-5
> Created function: funC(x) = 4*x+3
4*x+3
> > > 41.0
> 15.0
> > > Created function: funA(x) = x^2+2*x+1
x^2+2*x+1
> 0.0
> 
Solving: funA(x) = y
Equation: (x^2+2*x+1)-(0.0) = 0
Polynomial degree: 2
Solution: x = -1.0
x = -1.0
> > > 2.0
> 18.0
> 36.0
> 289.3333333333333
> > > [
 [1.0, 2.0]
 [3.0, 2.0]
 [3.0, 4.0]
]
> [1.0, 2.0]
> > > Created function: funA(b) = 3*b
3*b
> Created function: funB(a) = 2*a
2*a
> Created function: funC(y) = 2*y-11/3
2*y-11/3
> Created function: funD(x) = 2*x
2*x
> > > Created function: funA(x) = 2*x+1
2*x+1
> Created function: funB(x) = 2*x+1
2*x+1
> 11.0
> > Goodbye!
